--------------------------------------------------------------------------------------
Timing Analyzer Summary
--------------------------------------------------------------------------------------

Type           : Worst-case tsu
Slack          : N/A
Required Time  : None
Actual Time    : 7.370 ns
From           : SW[0]
To             : game_logic:gl|counter:left_position|i[1]
From Clock     : --
To Clock       : CLOCK_27
Failed Paths   : 0

Type           : Worst-case tco
Slack          : N/A
Required Time  : None
Actual Time    : 11.011 ns
From           : game_logic:gl|right_score[5]
To             : HEX5[3]
From Clock     : CLOCK_27
To Clock       : --
Failed Paths   : 0

Type           : Worst-case th
Slack          : N/A
Required Time  : None
Actual Time    : -1.003 ns
From           : SW[0]
To             : game_logic:gl|ball_x[1]
From Clock     : --
To Clock       : CLOCK_27
Failed Paths   : 0

Type           : Clock Setup: 'pll108MHz:pll|altpll:altpll_component|_clk0'
Slack          : -0.080 ns
Required Time  : 108.00 MHz ( period = 9.259 ns )
Actual Time    : 107.08 MHz ( period = 9.339 ns )
From           : game_logic:gl|counter:left_position|i[2]
To             : renderer:r|blue[9]
From Clock     : pll108MHz:pll|altpll:altpll_component|_clk0
To Clock       : pll108MHz:pll|altpll:altpll_component|_clk0
Failed Paths   : 7

Type           : Clock Hold: 'pll108MHz:pll|altpll:altpll_component|_clk0'
Slack          : 0.391 ns
Required Time  : 108.00 MHz ( period = 9.259 ns )
Actual Time    : N/A
From           : game_logic:gl|counter:left_position|i[9]
To             : game_logic:gl|counter:left_position|i[9]
From Clock     : pll108MHz:pll|altpll:altpll_component|_clk0
To Clock       : pll108MHz:pll|altpll:altpll_component|_clk0
Failed Paths   : 0

Type           : Total number of failed paths
Slack          : 
Required Time  : 
Actual Time    : 
From           : 
To             : 
From Clock     : 
To Clock       : 
Failed Paths   : 7

--------------------------------------------------------------------------------------

