--------------------------------------------------------------------------------------
Timing Analyzer Summary
--------------------------------------------------------------------------------------

Type           : Worst-case tco
Slack          : N/A
Required Time  : None
Actual Time    : 4.639 ns
From           : renderer:r|n_vga_blank
To             : VGA_BLANK
From Clock     : CLOCK_27
To Clock       : --
Failed Paths   : 0

Type           : Clock Setup: 'pll108MHz:pll|altpll:altpll_component|_clk0'
Slack          : 4.643 ns
Required Time  : 108.00 MHz ( period = 9.259 ns )
Actual Time    : 216.64 MHz ( period = 4.616 ns )
From           : params:p|h[6]
To             : renderer:r|red[9]
From Clock     : pll108MHz:pll|altpll:altpll_component|_clk0
To Clock       : pll108MHz:pll|altpll:altpll_component|_clk0
Failed Paths   : 0

Type           : Clock Hold: 'pll108MHz:pll|altpll:altpll_component|_clk0'
Slack          : 0.780 ns
Required Time  : 108.00 MHz ( period = 9.259 ns )
Actual Time    : N/A
From           : params:p|v[5]
To             : params:p|vga_vsync
From Clock     : pll108MHz:pll|altpll:altpll_component|_clk0
To Clock       : pll108MHz:pll|altpll:altpll_component|_clk0
Failed Paths   : 0

Type           : Total number of failed paths
Slack          : 
Required Time  : 
Actual Time    : 
From           : 
To             : 
From Clock     : 
To Clock       : 
Failed Paths   : 0

--------------------------------------------------------------------------------------

