--------------------------------------------------------------------------------------
Timing Analyzer Summary
--------------------------------------------------------------------------------------

Type           : Worst-case tsu
Slack          : N/A
Required Time  : None
Actual Time    : 5.298 ns
From           : KEY[0]
To             : counter:c1|i[7]
From Clock     : --
To Clock       : CLOCK_27
Failed Paths   : 0

Type           : Worst-case tco
Slack          : N/A
Required Time  : None
Actual Time    : 9.675 ns
From           : counter:c1|i[7]
To             : HEX1[1]
From Clock     : CLOCK_27
To Clock       : --
Failed Paths   : 0

Type           : Worst-case th
Slack          : N/A
Required Time  : None
Actual Time    : -2.663 ns
From           : KEY[3]
To             : counter:c2|i[7]
From Clock     : --
To Clock       : CLOCK_27
Failed Paths   : 0

Type           : Clock Setup: 'pll108MHz:pll|altpll:altpll_component|_clk0'
Slack          : 4.691 ns
Required Time  : 108.00 MHz ( period = 9.259 ns )
Actual Time    : 218.91 MHz ( period = 4.568 ns )
From           : params:p|h[6]
To             : renderer:r|red[9]
From Clock     : pll108MHz:pll|altpll:altpll_component|_clk0
To Clock       : pll108MHz:pll|altpll:altpll_component|_clk0
Failed Paths   : 0

Type           : Clock Hold: 'pll108MHz:pll|altpll:altpll_component|_clk0'
Slack          : 0.521 ns
Required Time  : 108.00 MHz ( period = 9.259 ns )
Actual Time    : N/A
From           : counter:c1|i[7]
To             : counter:c1|i[7]
From Clock     : pll108MHz:pll|altpll:altpll_component|_clk0
To Clock       : pll108MHz:pll|altpll:altpll_component|_clk0
Failed Paths   : 0

Type           : Total number of failed paths
Slack          : 
Required Time  : 
Actual Time    : 
From           : 
To             : 
From Clock     : 
To Clock       : 
Failed Paths   : 0

--------------------------------------------------------------------------------------

